TAP version 13
# Subtest: CSS travel preserves arm/saturation and squared response
ok 1 - CSS travel preserves arm/saturation and squared response
  ---
  duration_ms: 0.499541
  type: 'test'
  ...
# Subtest: exclusive pointer ownership, abort/rearm and epoch invalidation
ok 2 - exclusive pointer ownership, abort/rearm and epoch invalidation
  ---
  duration_ms: 0.661417
  type: 'test'
  ...
# Subtest: three named practice layouts reset deterministically and reject stale shots
ok 3 - three named practice layouts reset deterministically and reject stale shots
  ---
  duration_ms: 27.514333
  type: 'test'
  ...
# Subtest: Straight pots supports its named shot and a full clear
ok 4 - Straight pots supports its named shot and a full clear
  ---
  duration_ms: 51.923958
  type: 'test'
  ...
# Subtest: Cut pots supports its named shot and a full clear
ok 5 - Cut pots supports its named shot and a full clear
  ---
  duration_ms: 49.176333
  type: 'test'
  ...
# Subtest: Cushion practice supports its named shot and a full clear
ok 6 - Cushion practice supports its named shot and a full clear
  ---
  duration_ms: 40.3435
  type: 'test'
  ...
# Subtest: public command admission, immutable snapshots, calibration and epoch invalidation
ok 7 - public command admission, immutable snapshots, calibration and epoch invalidation
  ---
  duration_ms: 15.925958
  type: 'test'
  ...
# Subtest: default fixture has normal side and corner object pots and continues after settling
ok 8 - default fixture has normal side and corner object pots and continues after settling
  ---
  duration_ms: 44.018125
  type: 'test'
  ...
# Subtest: full 3× head-on contact transfers velocity without tunnelling
ok 9 - full 3× head-on contact transfers velocity without tunnelling
  ---
  duration_ms: 50.373583
  type: 'test'
  ...
# Subtest: full 3× grazing contact deflects and exchanges momentum
ok 10 - full 3× grazing contact deflects and exchanges momentum
  ---
  duration_ms: 60.184166
  type: 'test'
  ...
# Subtest: full 3× symmetric simultaneous contacts are stable and independent of storage order
ok 11 - full 3× symmetric simultaneous contacts are stable and independent of storage order
  ---
  duration_ms: 98.57325
  type: 'test'
  ...
# Subtest: full 3× collinear touching simultaneous contacts are stable and independent of storage order
ok 12 - full 3× collinear touching simultaneous contacts are stable and independent of storage order
  ---
  duration_ms: 240.887666
  type: 'test'
  ...
# Subtest: full 3× top cushion cannot be tunnelled
ok 13 - full 3× top cushion cannot be tunnelled
  ---
  duration_ms: 26.524417
  type: 'test'
  ...
# Subtest: full 3× bottom cushion cannot be tunnelled
ok 14 - full 3× bottom cushion cannot be tunnelled
  ---
  duration_ms: 27.456958
  type: 'test'
  ...
# Subtest: full 3× left cushion cannot be tunnelled
ok 15 - full 3× left cushion cannot be tunnelled
  ---
  duration_ms: 40.317334
  type: 'test'
  ...
# Subtest: full 3× right cushion cannot be tunnelled
ok 16 - full 3× right cushion cannot be tunnelled
  ---
  duration_ms: 36.1935
  type: 'test'
  ...
# Subtest: full 3× top-left mouth offset matrix: capture / jaw / rail
ok 17 - full 3× top-left mouth offset matrix: capture / jaw / rail
  ---
  duration_ms: 101.15525
  type: 'test'
  ...
# Subtest: full 3× top-middle mouth offset matrix: capture / jaw / rail
ok 18 - full 3× top-middle mouth offset matrix: capture / jaw / rail
  ---
  duration_ms: 104.1825
  type: 'test'
  ...
# Subtest: full 3× top-right mouth offset matrix: capture / jaw / rail
ok 19 - full 3× top-right mouth offset matrix: capture / jaw / rail
  ---
  duration_ms: 96.647208
  type: 'test'
  ...
# Subtest: full 3× bottom-left mouth offset matrix: capture / jaw / rail
ok 20 - full 3× bottom-left mouth offset matrix: capture / jaw / rail
  ---
  duration_ms: 97.309458
  type: 'test'
  ...
# Subtest: full 3× bottom-middle mouth offset matrix: capture / jaw / rail
ok 21 - full 3× bottom-middle mouth offset matrix: capture / jaw / rail
  ---
  duration_ms: 104.794291
  type: 'test'
  ...
# Subtest: full 3× bottom-right mouth offset matrix: capture / jaw / rail
ok 22 - full 3× bottom-right mouth offset matrix: capture / jaw / rail
  ---
  duration_ms: 96.185
  type: 'test'
  ...
# Subtest: dark-pocket overlap outside capture boundary is not a pot
ok 23 - dark-pocket overlap outside capture boundary is not a pot
  ---
  duration_ms: 0.985458
  type: 'test'
  ...
# Subtest: free roll monotonically damps and settles for 30 fixed ticks with no five-second stop
ok 24 - free roll monotonically damps and settles for 30 fixed ticks with no five-second stop
  ---
  duration_ms: 1.096458
  type: 'test'
  ...
# Subtest: scratch waits for all motion and only then allows legal placement
ok 25 - scratch waits for all motion and only then allows legal placement
  ---
  duration_ms: 3.995792
  type: 'test'
  ...
# Subtest: scratch and final pot in one rolling interval resolve only to cleared
ok 26 - scratch and final pot in one rolling interval resolve only to cleared
  ---
  duration_ms: 0.914375
  type: 'test'
  ...
# Subtest: tick batching / repeat runs produce identical snapshots and event order
ok 27 - tick batching / repeat runs produce identical snapshots and event order
  ---
  duration_ms: 40.225291
  type: 'test'
  ...
# Subtest: reset during motion restores fixture and clears old shot and event state
ok 28 - reset during motion restores fixture and clears old shot and event state
  ---
  duration_ms: 5.753291
  type: 'test'
  ...
# Subtest: shallow full-speed corner entries cannot escape behind a jaw
ok 29 - shallow full-speed corner entries cannot escape behind a jaw
  ---
  duration_ms: 98.217875
  type: 'test'
  ...
# Subtest: unrecoverable invalid state reports a fault instead of readiness
ok 30 - unrecoverable invalid state reports a fault instead of readiness
  ---
  duration_ms: 0.279708
  type: 'test'
  ...
# Subtest: a real maximum shot remains rolling beyond five seconds and settles naturally
ok 31 - a real maximum shot remains rolling beyond five seconds and settles naturally
  ---
  duration_ms: 73.32525
  type: 'test'
  ...
# Subtest: bounded full-speed angle sweep has no escape, fault or missed settle
ok 32 - bounded full-speed angle sweep has no escape, fault or missed settle
  ---
  duration_ms: 1726.537083
  type: 'test'
  ...
# 32 full-3960 shots; no faults/escapes/energy growth; maximum settle 654 ticks
# Subtest: pocket size is finite, bounded, immutable and retained by re-racking
ok 33 - pocket size is finite, bounded, immutable and retained by re-racking
  ---
  duration_ms: 7.909458
  type: 'test'
  ...
# Subtest: 0.9× pockets: all six mouths capture centrally and reject jaw / rail near misses
ok 34 - 0.9× pockets: all six mouths capture centrally and reject jaw / rail near misses
  ---
  duration_ms: 624.311166
  type: 'test'
  ...
# Subtest: 0.9× pockets: bounded full-speed sweep preserves collision and energy safety
ok 35 - 0.9× pockets: bounded full-speed sweep preserves collision and energy safety
  ---
  duration_ms: 3489.261167
  type: 'test'
  ...
# 64 angles at 3960 world units/s; longest settle 655 ticks
# Subtest: 1.1× pockets: all six mouths capture centrally and reject jaw / rail near misses
ok 36 - 1.1× pockets: all six mouths capture centrally and reject jaw / rail near misses
  ---
  duration_ms: 600.912875
  type: 'test'
  ...
# Subtest: 1.1× pockets: bounded full-speed sweep preserves collision and energy safety
ok 37 - 1.1× pockets: bounded full-speed sweep preserves collision and energy safety
  ---
  duration_ms: 3174.371125
  type: 'test'
  ...
# 64 angles at 3960 world units/s; longest settle 654 ticks
# Subtest: 1.3× pockets: all six mouths capture centrally and reject jaw / rail near misses
ok 38 - 1.3× pockets: all six mouths capture centrally and reject jaw / rail near misses
  ---
  duration_ms: 510.947
  type: 'test'
  ...
# Subtest: 1.3× pockets: bounded full-speed sweep preserves collision and energy safety
ok 39 - 1.3× pockets: bounded full-speed sweep preserves collision and energy safety
  ---
  duration_ms: 2796.954583
  type: 'test'
  ...
# 64 angles at 3960 world units/s; longest settle 654 ticks
# Subtest: widening each pocket admits an off-centre shot previously rejected by its jaw
ok 40 - widening each pocket admits an off-centre shot previously rejected by its jaw
  ---
  duration_ms: 146.397084
  type: 'test'
  ...
# Subtest: white placement respects the currently enlarged corner mouths
ok 41 - white placement respects the currently enlarged corner mouths
  ---
  duration_ms: 0.255333
  type: 'test'
  ...
# Subtest: 1.1× practice default preserves the straight side and corner example shots
ok 42 - 1.1× practice default preserves the straight side and corner example shots
  ---
  duration_ms: 16.271958
  type: 'test'
  ...
# Subtest: menu defaults are bounded and invalid numeric settings fall back safely
ok 43 - menu defaults are bounded and invalid numeric settings fall back safely
  ---
  duration_ms: 1.223584
  type: 'test'
  ...
# Subtest: aim lock freezes pre-pull direction through sideways drift and release
ok 44 - aim lock freezes pre-pull direction through sideways drift and release
  ---
  duration_ms: 0.784375
  type: 'test'
  ...
# Subtest: neutral return unlocks for re-aim, abort, and rearm without stale lock
ok 45 - neutral return unlocks for re-aim, abort, and rearm without stale lock
  ---
  duration_ms: 0.118958
  type: 'test'
  ...
# Subtest: turning lock off preserves free aim even at maximum pull
ok 46 - turning lock off preserves free aim even at maximum pull
  ---
  duration_ms: 0.072667
  type: 'test'
  ...
# Subtest: guide stops cue centre at first ball contact, skips potted balls, obeys length
ok 47 - guide stops cue centre at first ball contact, skips potted balls, obeys length
  ---
  duration_ms: 0.4625
  type: 'test'
  ...
# Subtest: guide sees cushion faces and jaws while clear pocket mouths remain open
ok 48 - guide sees cushion faces and jaws while clear pocket mouths remain open
  ---
  duration_ms: 0.085917
  type: 'test'
  ...
# Subtest: a cushion-touching cue can aim away, but towards the cushion contacts immediately
ok 49 - a cushion-touching cue can aim away, but towards the cushion contacts immediately
  ---
  duration_ms: 0.210167
  type: 'test'
  ...
1..49
# tests 49
# suites 0
# pass 49
# fail 0
# cancelled 0
# skipped 0
# todo 0
# duration_ms 14634.936084
