TAP version 13
# Subtest: CSS travel preserves arm/saturation and squared response
ok 1 - CSS travel preserves arm/saturation and squared response
  ---
  duration_ms: 0.486833
  type: 'test'
  ...
# Subtest: exclusive pointer ownership, abort/rearm and epoch invalidation
ok 2 - exclusive pointer ownership, abort/rearm and epoch invalidation
  ---
  duration_ms: 0.485917
  type: 'test'
  ...
# Subtest: public command admission, immutable snapshots, calibration and epoch invalidation
ok 3 - public command admission, immutable snapshots, calibration and epoch invalidation
  ---
  duration_ms: 9.506291
  type: 'test'
  ...
# Subtest: default fixture has normal side and corner object pots and continues after settling
ok 4 - default fixture has normal side and corner object pots and continues after settling
  ---
  duration_ms: 30.86025
  type: 'test'
  ...
# Subtest: full 3× head-on contact transfers velocity without tunnelling
ok 5 - full 3× head-on contact transfers velocity without tunnelling
  ---
  duration_ms: 37.961958
  type: 'test'
  ...
# Subtest: full 3× grazing contact deflects and exchanges momentum
ok 6 - full 3× grazing contact deflects and exchanges momentum
  ---
  duration_ms: 42.474208
  type: 'test'
  ...
# Subtest: full 3× symmetric simultaneous contacts are stable and independent of storage order
ok 7 - full 3× symmetric simultaneous contacts are stable and independent of storage order
  ---
  duration_ms: 85.612166
  type: 'test'
  ...
# Subtest: full 3× collinear touching simultaneous contacts are stable and independent of storage order
ok 8 - full 3× collinear touching simultaneous contacts are stable and independent of storage order
  ---
  duration_ms: 212.945292
  type: 'test'
  ...
# Subtest: full 3× top cushion cannot be tunnelled
ok 9 - full 3× top cushion cannot be tunnelled
  ---
  duration_ms: 23.148666
  type: 'test'
  ...
# Subtest: full 3× bottom cushion cannot be tunnelled
ok 10 - full 3× bottom cushion cannot be tunnelled
  ---
  duration_ms: 22.909625
  type: 'test'
  ...
# Subtest: full 3× left cushion cannot be tunnelled
ok 11 - full 3× left cushion cannot be tunnelled
  ---
  duration_ms: 31.196416
  type: 'test'
  ...
# Subtest: full 3× right cushion cannot be tunnelled
ok 12 - full 3× right cushion cannot be tunnelled
  ---
  duration_ms: 30.254042
  type: 'test'
  ...
# Subtest: full 3× top-left mouth offset matrix: capture / jaw / rail
ok 13 - full 3× top-left mouth offset matrix: capture / jaw / rail
  ---
  duration_ms: 86.920833
  type: 'test'
  ...
# Subtest: full 3× top-middle mouth offset matrix: capture / jaw / rail
ok 14 - full 3× top-middle mouth offset matrix: capture / jaw / rail
  ---
  duration_ms: 94.725208
  type: 'test'
  ...
# Subtest: full 3× top-right mouth offset matrix: capture / jaw / rail
ok 15 - full 3× top-right mouth offset matrix: capture / jaw / rail
  ---
  duration_ms: 90.142583
  type: 'test'
  ...
# Subtest: full 3× bottom-left mouth offset matrix: capture / jaw / rail
ok 16 - full 3× bottom-left mouth offset matrix: capture / jaw / rail
  ---
  duration_ms: 86.802459
  type: 'test'
  ...
# Subtest: full 3× bottom-middle mouth offset matrix: capture / jaw / rail
ok 17 - full 3× bottom-middle mouth offset matrix: capture / jaw / rail
  ---
  duration_ms: 97.663125
  type: 'test'
  ...
# Subtest: full 3× bottom-right mouth offset matrix: capture / jaw / rail
ok 18 - full 3× bottom-right mouth offset matrix: capture / jaw / rail
  ---
  duration_ms: 89.889125
  type: 'test'
  ...
# Subtest: dark-pocket overlap outside capture boundary is not a pot
ok 19 - dark-pocket overlap outside capture boundary is not a pot
  ---
  duration_ms: 1.052958
  type: 'test'
  ...
# Subtest: free roll monotonically damps and settles for 30 fixed ticks with no five-second stop
ok 20 - free roll monotonically damps and settles for 30 fixed ticks with no five-second stop
  ---
  duration_ms: 1.026791
  type: 'test'
  ...
# Subtest: scratch waits for all motion and only then allows legal placement
ok 21 - scratch waits for all motion and only then allows legal placement
  ---
  duration_ms: 4.078625
  type: 'test'
  ...
# Subtest: scratch and final pot in one rolling interval resolve only to cleared
ok 22 - scratch and final pot in one rolling interval resolve only to cleared
  ---
  duration_ms: 0.545042
  type: 'test'
  ...
# Subtest: tick batching / repeat runs produce identical snapshots and event order
ok 23 - tick batching / repeat runs produce identical snapshots and event order
  ---
  duration_ms: 39.506958
  type: 'test'
  ...
# Subtest: reset during motion restores fixture and clears old shot and event state
ok 24 - reset during motion restores fixture and clears old shot and event state
  ---
  duration_ms: 5.778959
  type: 'test'
  ...
# Subtest: shallow full-speed corner entries cannot escape behind a jaw
ok 25 - shallow full-speed corner entries cannot escape behind a jaw
  ---
  duration_ms: 125.145542
  type: 'test'
  ...
# Subtest: unrecoverable invalid state reports a fault instead of readiness
ok 26 - unrecoverable invalid state reports a fault instead of readiness
  ---
  duration_ms: 0.850291
  type: 'test'
  ...
# Subtest: a real maximum shot remains rolling beyond five seconds and settles naturally
ok 27 - a real maximum shot remains rolling beyond five seconds and settles naturally
  ---
  duration_ms: 72.914334
  type: 'test'
  ...
# Subtest: bounded full-speed angle sweep has no escape, fault or missed settle
ok 28 - bounded full-speed angle sweep has no escape, fault or missed settle
  ---
  duration_ms: 1482.831166
  type: 'test'
  ...
# 32 full-3960 shots; no faults/escapes/energy growth; maximum settle 654 ticks
# Subtest: pocket size is finite, bounded, immutable and retained by re-racking
ok 29 - pocket size is finite, bounded, immutable and retained by re-racking
  ---
  duration_ms: 6.416458
  type: 'test'
  ...
# Subtest: 0.9× pockets: all six mouths capture centrally and reject jaw / rail near misses
ok 30 - 0.9× pockets: all six mouths capture centrally and reject jaw / rail near misses
  ---
  duration_ms: 522.316083
  type: 'test'
  ...
# Subtest: 0.9× pockets: bounded full-speed sweep preserves collision and energy safety
ok 31 - 0.9× pockets: bounded full-speed sweep preserves collision and energy safety
  ---
  duration_ms: 3212.833541
  type: 'test'
  ...
# 64 angles at 3960 world units/s; longest settle 655 ticks
# Subtest: 1.1× pockets: all six mouths capture centrally and reject jaw / rail near misses
ok 32 - 1.1× pockets: all six mouths capture centrally and reject jaw / rail near misses
  ---
  duration_ms: 572.619209
  type: 'test'
  ...
# Subtest: 1.1× pockets: bounded full-speed sweep preserves collision and energy safety
ok 33 - 1.1× pockets: bounded full-speed sweep preserves collision and energy safety
  ---
  duration_ms: 2993.072292
  type: 'test'
  ...
# 64 angles at 3960 world units/s; longest settle 654 ticks
# Subtest: 1.3× pockets: all six mouths capture centrally and reject jaw / rail near misses
ok 34 - 1.3× pockets: all six mouths capture centrally and reject jaw / rail near misses
  ---
  duration_ms: 494.871292
  type: 'test'
  ...
# Subtest: 1.3× pockets: bounded full-speed sweep preserves collision and energy safety
ok 35 - 1.3× pockets: bounded full-speed sweep preserves collision and energy safety
  ---
  duration_ms: 2642.620333
  type: 'test'
  ...
# 64 angles at 3960 world units/s; longest settle 654 ticks
# Subtest: widening each pocket admits an off-centre shot previously rejected by its jaw
ok 36 - widening each pocket admits an off-centre shot previously rejected by its jaw
  ---
  duration_ms: 135.998125
  type: 'test'
  ...
# Subtest: white placement respects the currently enlarged corner mouths
ok 37 - white placement respects the currently enlarged corner mouths
  ---
  duration_ms: 0.259042
  type: 'test'
  ...
# Subtest: 1.1× practice default preserves the straight side and corner example shots
ok 38 - 1.1× practice default preserves the straight side and corner example shots
  ---
  duration_ms: 15.763375
  type: 'test'
  ...
# Subtest: menu defaults are bounded and invalid numeric settings fall back safely
ok 39 - menu defaults are bounded and invalid numeric settings fall back safely
  ---
  duration_ms: 0.954833
  type: 'test'
  ...
# Subtest: aim lock freezes pre-pull direction through sideways drift and release
ok 40 - aim lock freezes pre-pull direction through sideways drift and release
  ---
  duration_ms: 0.569625
  type: 'test'
  ...
# Subtest: neutral return unlocks for re-aim, abort, and rearm without stale lock
ok 41 - neutral return unlocks for re-aim, abort, and rearm without stale lock
  ---
  duration_ms: 0.094292
  type: 'test'
  ...
# Subtest: turning lock off preserves free aim even at maximum pull
ok 42 - turning lock off preserves free aim even at maximum pull
  ---
  duration_ms: 0.063
  type: 'test'
  ...
# Subtest: guide stops cue centre at first ball contact, skips potted balls, obeys length
ok 43 - guide stops cue centre at first ball contact, skips potted balls, obeys length
  ---
  duration_ms: 0.416791
  type: 'test'
  ...
# Subtest: guide sees cushion faces and jaws while clear pocket mouths remain open
ok 44 - guide sees cushion faces and jaws while clear pocket mouths remain open
  ---
  duration_ms: 0.080125
  type: 'test'
  ...
# Subtest: a cushion-touching cue can aim away, but towards the cushion contacts immediately
ok 45 - a cushion-touching cue can aim away, but towards the cushion contacts immediately
  ---
  duration_ms: 0.197375
  type: 'test'
  ...
1..45
# tests 45
# suites 0
# pass 45
# fail 0
# cancelled 0
# skipped 0
# todo 0
# duration_ms 13457.724958
